------------------------------------------------------------
Timing Analyzer Summary
------------------------------------------------------------

Type  : Slow 1200mV 85C Model Setup 'counter1'
Slack : -9.016
TNS   : -11866.361

Type  : Slow 1200mV 85C Model Setup 'CLOCK_50'
Slack : -7.584
TNS   : -14168.399

Type  : Slow 1200mV 85C Model Hold 'CLOCK_50'
Slack : 0.304
TNS   : 0.000

Type  : Slow 1200mV 85C Model Hold 'counter1'
Slack : 0.386
TNS   : 0.000

Type  : Slow 1200mV 85C Model Minimum Pulse Width 'CLOCK_50'
Slack : -3.000
TNS   : -6658.994

Type  : Slow 1200mV 85C Model Minimum Pulse Width 'counter1'
Slack : -2.693
TNS   : -3200.142

Type  : Slow 1200mV 0C Model Setup 'counter1'
Slack : -8.337
TNS   : -10746.624

Type  : Slow 1200mV 0C Model Setup 'CLOCK_50'
Slack : -6.708
TNS   : -12411.976

Type  : Slow 1200mV 0C Model Hold 'CLOCK_50'
Slack : 0.302
TNS   : 0.000

Type  : Slow 1200mV 0C Model Hold 'counter1'
Slack : 0.338
TNS   : 0.000

Type  : Slow 1200mV 0C Model Minimum Pulse Width 'CLOCK_50'
Slack : -3.000
TNS   : -6600.678

Type  : Slow 1200mV 0C Model Minimum Pulse Width 'counter1'
Slack : -2.649
TNS   : -3199.966

Type  : Fast 1200mV 0C Model Setup 'counter1'
Slack : -4.061
TNS   : -4793.291

Type  : Fast 1200mV 0C Model Setup 'CLOCK_50'
Slack : -3.255
TNS   : -4735.935

Type  : Fast 1200mV 0C Model Hold 'CLOCK_50'
Slack : 0.108
TNS   : 0.000

Type  : Fast 1200mV 0C Model Hold 'counter1'
Slack : 0.173
TNS   : 0.000

Type  : Fast 1200mV 0C Model Minimum Pulse Width 'CLOCK_50'
Slack : -3.000
TNS   : -5415.984

Type  : Fast 1200mV 0C Model Minimum Pulse Width 'counter1'
Slack : -1.000
TNS   : -2486.000

------------------------------------------------------------
